Archive member included to satisfy reference by file (symbol)

C:/ST/STM32CubeIDE_1.16.1/STM32CubeIDE/plugins/com.st.stm32cube.ide.mcu.externaltools.gnu-tools-for-stm32.12.3.rel1.win32_1.0.200.202406191623/tools/bin/../lib/gcc/arm-none-eabi/12.3.1/../../../../arm-none-eabi/lib/thumb/v7e-m/nofp\libc_nano.a(libc_a-exit.o)
                              C:/ST/STM32CubeIDE_1.16.1/STM32CubeIDE/plugins/com.st.stm32cube.ide.mcu.externaltools.gnu-tools-for-stm32.12.3.rel1.win32_1.0.200.202406191623/tools/bin/../lib/gcc/arm-none-eabi/12.3.1/../../../../arm-none-eabi/lib/thumb/v7e-m/nofp/crt0.o (exit)
C:/ST/STM32CubeIDE_1.16.1/STM32CubeIDE/plugins/com.st.stm32cube.ide.mcu.externaltools.gnu-tools-for-stm32.12.3.rel1.win32_1.0.200.202406191623/tools/bin/../lib/gcc/arm-none-eabi/12.3.1/../../../../arm-none-eabi/lib/thumb/v7e-m/nofp\libc_nano.a(libc_a-findfp.o)
                              C:/ST/STM32CubeIDE_1.16.1/STM32CubeIDE/plugins/com.st.stm32cube.ide.mcu.externaltools.gnu-tools-for-stm32.12.3.rel1.win32_1.0.200.202406191623/tools/bin/../lib/gcc/arm-none-eabi/12.3.1/../../../../arm-none-eabi/lib/thumb/v7e-m/nofp\libc_nano.a(libc_a-exit.o) (__stdio_exit_handler)
C:/ST/STM32CubeIDE_1.16.1/STM32CubeIDE/plugins/com.st.stm32cube.ide.mcu.externaltools.gnu-tools-for-stm32.12.3.rel1.win32_1.0.200.202406191623/tools/bin/../lib/gcc/arm-none-eabi/12.3.1/../../../../arm-none-eabi/lib/thumb/v7e-m/nofp\libc_nano.a(libc_a-fwalk.o)
                              C:/ST/STM32CubeIDE_1.16.1/STM32CubeIDE/plugins/com.st.stm32cube.ide.mcu.externaltools.gnu-tools-for-stm32.12.3.rel1.win32_1.0.200.202406191623/tools/bin/../lib/gcc/arm-none-eabi/12.3.1/../../../../arm-none-eabi/lib/thumb/v7e-m/nofp\libc_nano.a(libc_a-findfp.o) (_fwalk_sglue)
C:/ST/STM32CubeIDE_1.16.1/STM32CubeIDE/plugins/com.st.stm32cube.ide.mcu.externaltools.gnu-tools-for-stm32.12.3.rel1.win32_1.0.200.202406191623/tools/bin/../lib/gcc/arm-none-eabi/12.3.1/../../../../arm-none-eabi/lib/thumb/v7e-m/nofp\libc_nano.a(libc_a-stdio.o)
                              C:/ST/STM32CubeIDE_1.16.1/STM32CubeIDE/plugins/com.st.stm32cube.ide.mcu.externaltools.gnu-tools-for-stm32.12.3.rel1.win32_1.0.200.202406191623/tools/bin/../lib/gcc/arm-none-eabi/12.3.1/../../../../arm-none-eabi/lib/thumb/v7e-m/nofp\libc_nano.a(libc_a-findfp.o) (__sread)
C:/ST/STM32CubeIDE_1.16.1/STM32CubeIDE/plugins/com.st.stm32cube.ide.mcu.externaltools.gnu-tools-for-stm32.12.3.rel1.win32_1.0.200.202406191623/tools/bin/../lib/gcc/arm-none-eabi/12.3.1/../../../../arm-none-eabi/lib/thumb/v7e-m/nofp\libc_nano.a(libc_a-memset.o)
                              C:/ST/STM32CubeIDE_1.16.1/STM32CubeIDE/plugins/com.st.stm32cube.ide.mcu.externaltools.gnu-tools-for-stm32.12.3.rel1.win32_1.0.200.202406191623/tools/bin/../lib/gcc/arm-none-eabi/12.3.1/../../../../arm-none-eabi/lib/thumb/v7e-m/nofp/crt0.o (memset)
C:/ST/STM32CubeIDE_1.16.1/STM32CubeIDE/plugins/com.st.stm32cube.ide.mcu.externaltools.gnu-tools-for-stm32.12.3.rel1.win32_1.0.200.202406191623/tools/bin/../lib/gcc/arm-none-eabi/12.3.1/../../../../arm-none-eabi/lib/thumb/v7e-m/nofp\libc_nano.a(libc_a-closer.o)
                              C:/ST/STM32CubeIDE_1.16.1/STM32CubeIDE/plugins/com.st.stm32cube.ide.mcu.externaltools.gnu-tools-for-stm32.12.3.rel1.win32_1.0.200.202406191623/tools/bin/../lib/gcc/arm-none-eabi/12.3.1/../../../../arm-none-eabi/lib/thumb/v7e-m/nofp\libc_nano.a(libc_a-stdio.o) (_close_r)
C:/ST/STM32CubeIDE_1.16.1/STM32CubeIDE/plugins/com.st.stm32cube.ide.mcu.externaltools.gnu-tools-for-stm32.12.3.rel1.win32_1.0.200.202406191623/tools/bin/../lib/gcc/arm-none-eabi/12.3.1/../../../../arm-none-eabi/lib/thumb/v7e-m/nofp\libc_nano.a(libc_a-reent.o)
                              C:/ST/STM32CubeIDE_1.16.1/STM32CubeIDE/plugins/com.st.stm32cube.ide.mcu.externaltools.gnu-tools-for-stm32.12.3.rel1.win32_1.0.200.202406191623/tools/bin/../lib/gcc/arm-none-eabi/12.3.1/../../../../arm-none-eabi/lib/thumb/v7e-m/nofp\libc_nano.a(libc_a-closer.o) (errno)
C:/ST/STM32CubeIDE_1.16.1/STM32CubeIDE/plugins/com.st.stm32cube.ide.mcu.externaltools.gnu-tools-for-stm32.12.3.rel1.win32_1.0.200.202406191623/tools/bin/../lib/gcc/arm-none-eabi/12.3.1/../../../../arm-none-eabi/lib/thumb/v7e-m/nofp\libc_nano.a(libc_a-impure.o)
                              C:/ST/STM32CubeIDE_1.16.1/STM32CubeIDE/plugins/com.st.stm32cube.ide.mcu.externaltools.gnu-tools-for-stm32.12.3.rel1.win32_1.0.200.202406191623/tools/bin/../lib/gcc/arm-none-eabi/12.3.1/../../../../arm-none-eabi/lib/thumb/v7e-m/nofp\libc_nano.a(libc_a-reent.o) (_impure_ptr)
C:/ST/STM32CubeIDE_1.16.1/STM32CubeIDE/plugins/com.st.stm32cube.ide.mcu.externaltools.gnu-tools-for-stm32.12.3.rel1.win32_1.0.200.202406191623/tools/bin/../lib/gcc/arm-none-eabi/12.3.1/../../../../arm-none-eabi/lib/thumb/v7e-m/nofp\libc_nano.a(libc_a-lseekr.o)
[...]
Memory Configuration

Name             Origin             Length             Attributes
RAM              0x20000000         0x00020000         xrw
FLASH            0x08000000         0x00080000         xr
*default*        0x00000000         0xffffffff

Linker script and memory map

LOAD C:/ST/STM32CubeIDE_1.16.1/STM32CubeIDE/plugins/com.st.stm32cube.ide.mcu.externaltools.gnu-tools-for-stm32.12.3.rel1.win32_1.0.200.202406191623/tools/bin/../lib/gcc/arm-none-eabi/12.3.1/thumb/v7e-m/nofp/crti.o
LOAD C:/ST/STM32CubeIDE_1.16.1/STM32CubeIDE/plugins/com.st.stm32cube.ide.mcu.externaltools.gnu-tools-for-stm32.12.3.rel1.win32_1.0.200.202406191623/tools/bin/../lib/gcc/arm-none-eabi/12.3.1/thumb/v7e-m/nofp/crtbegin.o
LOAD C:/ST/STM32CubeIDE_1.16.1/STM32CubeIDE/plugins/com.st.stm32cube.ide.mcu.externaltools.gnu-tools-for-stm32.12.3.rel1.win32_1.0.200.202406191623/tools/bin/../lib/gcc/arm-none-eabi/12.3.1/../../../../arm-none-eabi/lib/thumb/v7e-m/nofp/crt0.o
LOAD ./Src/DMA_Prog.o
LOAD ./Src/GPIO_prog.o
LOAD ./Src/NVIC_prog.o
LOAD ./Src/RCC_Driver.o
LOAD ./Src/SysTick_prog.o
LOAD ./Src/USART_Prog.o
LOAD ./Src/main.o
LOAD ./Src/syscalls.o
LOAD ./Src/sysmem.o
LOAD ./Startup/startup_stm32f446retx.o
START GROUP
LOAD C:/ST/STM32CubeIDE_1.16.1/STM32CubeIDE/plugins/com.st.stm32cube.ide.mcu.externaltools.gnu-tools-for-stm32.12.3.rel1.win32_1.0.200.202406191623/tools/bin/../lib/gcc/arm-none-eabi/12.3.1/../../../../arm-none-eabi/lib/thumb/v7e-m/nofp\libc_nano.a
LOAD C:/ST/STM32CubeIDE_1.16.1/STM32CubeIDE/plugins/com.st.stm32cube.ide.mcu.externaltools.gnu-tools-for-stm32.12.3.rel1.win32_1.0.200.202406191623/tools/bin/../lib/gcc/arm-none-eabi/12.3.1/../../../../arm-none-eabi/lib/thumb/v7e-m/nofp\libm.a
END GROUP
START GROUP
LOAD C:/ST/STM32CubeIDE_1.16.1/STM32CubeIDE/plugins/com.st.stm32cube.ide.mcu.externaltools.gnu-tools-for-stm32.12.3.rel1.win32_1.0.200.202406191623/tools/bin/../lib/gcc/arm-none-eabi/12.3.1/thumb/v7e-m/nofp\libgcc.a
LOAD C:/ST/STM32CubeIDE_1.16.1/STM32CubeIDE/plugins/com.st.stm32cube.ide.mcu.externaltools.gnu-tools-for-stm32.12.3.rel1.win32_1.0.200.202406191623/tools/bin/../lib/gcc/arm-none-eabi/12.3.1/../../../../arm-none-eabi/lib/thumb/v7e-m/nofp\libc_nano.a
END GROUP
START GROUP
LOAD C:/ST/STM32CubeIDE_1.16.1/STM32CubeIDE/plugins/com.st.stm32cube.ide.mcu.externaltools.gnu-tools-for-stm32.12.3.rel1.win32_1.0.200.202406191623/tools/bin/../lib/gcc/arm-none-eabi/12.3.1/thumb/v7e-m/nofp\libgcc.a
LOAD C:/ST/STM32CubeIDE_1.16.1/STM32CubeIDE/plugins/com.st.stm32cube.ide.mcu.externaltools.gnu-tools-for-stm32.12.3.rel1.win32_1.0.200.202406191623/tools/bin/../lib/gcc/arm-none-eabi/12.3.1/../../../../arm-none-eabi/lib/thumb/v7e-m/nofp\libc_nano.a
LOAD C:/ST/STM32CubeIDE_1.16.1/STM32CubeIDE/plugins/com.st.stm32cube.ide.mcu.externaltools.gnu-tools-for-stm32.12.3.rel1.win32_1.0.200.202406191623/tools/bin/../lib/gcc/arm-none-eabi/12.3.1/../../../../arm-none-eabi/lib/thumb/v7e-m/nofp\libnosys.a
END GROUP
START GROUP
LOAD C:/ST/STM32CubeIDE_1.16.1/STM32CubeIDE/plugins/com.st.stm32cube.ide.mcu.externaltools.gnu-tools-for-stm32.12.3.rel1.win32_1.0.200.202406191623/tools/bin/../lib/gcc/arm-none-eabi/12.3.1/thumb/v7e-m/nofp\libgcc.a
LOAD C:/ST/STM32CubeIDE_1.16.1/STM32CubeIDE/plugins/com.st.stm32cube.ide.mcu.externaltools.gnu-tools-for-stm32.12.3.rel1.win32_1.0.200.202406191623/tools/bin/../lib/gcc/arm-none-eabi/12.3.1/../../../../arm-none-eabi/lib/thumb/v7e-m/nofp\libc_nano.a
LOAD C:/ST/STM32CubeIDE_1.16.1/STM32CubeIDE/plugins/com.st.stm32cube.ide.mcu.externaltools.gnu-tools-for-stm32.12.3.rel1.win32_1.0.200.202406191623/tools/bin/../lib/gcc/arm-none-eabi/12.3.1/../../../../arm-none-eabi/lib/thumb/v7e-m/nofp\libnosys.a
END GROUP
LOAD C:/ST/STM32CubeIDE_1.16.1/STM32CubeIDE/plugins/com.st.stm32cube.ide.mcu.externaltools.gnu-tools-for-stm32.12.3.rel1.win32_1.0.200.202406191623/tools/bin/../lib/gcc/arm-none-eabi/12.3.1/thumb/v7e-m/nofp/crtend.o
LOAD C:/ST/STM32CubeIDE_1.16.1/STM32CubeIDE/plugins/com.st.stm32cube.ide.mcu.externaltools.gnu-tools-for-stm32.12.3.rel1.win32_1.0.200.202406191623/tools/bin/../lib/gcc/arm-none-eabi/12.3.1/thumb/v7e-m/nofp/crtn.o
                0x20020000                        _estack = (ORIGIN (RAM) + LENGTH (RAM))
                0x00000200                        _Min_Heap_Size = 0x200
                0x00000400                        _Min_Stack_Size = 0x400

.isr_vector     0x08000000      0x1c4
                0x08000000                        . = ALIGN (0x4)
 *(.isr_vector)
 .isr_vector    0x08000000      0x1c4 ./Startup/startup_stm32f446retx.o
                0x08000000                g_pfnVectors
                0x080001c4                        . = ALIGN (0x4)

.text           0x080001c4      0xd10
                0x080001c4                        . = ALIGN (0x4)
 *(.text)
 .text          0x080001c4       0x40 C:/ST/STM32CubeIDE_1.16.1/STM32CubeIDE/plugins/com.st.stm32cube.ide.mcu.externaltools.gnu-tools-for-stm32.12.3.rel1.win32_1.0.200.202406191623/tools/bin/../lib/gcc/arm-none-eabi/12.3.1/thumb/v7e-m/nofp/crtbegin.o
 *(.text*)
 .text.DMA_Init
                0x08000204      0x148 ./Src/DMA_Prog.o
                0x08000204                DMA_Init
 .text.Enable_DMA_IRQ
                0x0800034c       0x54 ./Src/DMA_Prog.o
                0x0800034c                Enable_DMA_IRQ
 .text.DMA_EnableStream
                0x080003a0       0x78 ./Src/DMA_Prog.o
                0x080003a0                DMA_EnableStream
 .text.GPIO_u8pininit
                0x08000418      0x28c ./Src/GPIO_prog.o
                0x08000418                GPIO_u8pininit
 .text.GPIO_u8setpinvalue
                0x080006a4       0x90 ./Src/GPIO_prog.o
                0x080006a4                GPIO_u8setpinvalue
 .text.RCC_SETCLK
                0x08000734      0x10c ./Src/RCC_Driver.o
                0x08000734                RCC_SETCLK
 .text.RCC_SETSYSCLK
                0x08000840       0x58 ./Src/RCC_Driver.o
                0x08000840                RCC_SETSYSCLK
 .text.SystemCoreClockUpdate
                0x08000898       0xac ./Src/RCC_Driver.o
                0x08000898                SystemCoreClockUpdate
 .text.RCC_AHB1_enable
                0x08000944       0x2c ./Src/RCC_Driver.o
                0x08000944                RCC_AHB1_enable
 .text.RCC_APB1_enable
                0x08000970       0x2c ./Src/RCC_Driver.o
                0x08000970                RCC_APB1_enable
 .text.SysTick_Init
                0x0800099c       0x70 ./Src/SysTick_prog.o
                0x0800099c                SysTick_Init
 .text.SysTick_Handler
                0x08000a0c       0x1c ./Src/SysTick_prog.o
                0x08000a0c                SysTick_Handler
 .text.USART_ConfigMode
                0x08000a28       0x60 ./Src/USART_Prog.o
                0x08000a28                USART_ConfigMode
 .text.USART_DMA_StartRx
                0x08000a88       0x1e ./Src/USART_Prog.o
                0x08000a88                USART_DMA_StartRx
 *fill*         0x08000aa6        0x2 
 .text.USART_Init
                0x08000aa8       0xb4 ./Src/USART_Prog.o
                0x08000aa8                USART_Init
 .text.USART_SendChar
                0x08000b5c       0x3a ./Src/USART_Prog.o
                0x08000b5c                USART_SendChar
 .text.USART_SendString
                0x08000b96       0x30 ./Src/USART_Prog.o
                0x08000b96                USART_SendString
 *fill*         0x08000bc6        0x2 
 .text.USART1_IRQHandler
                0x08000bc8       0x44 ./Src/USART_Prog.o
                0x08000bc8                USART1_IRQHandler
 .text.main     0x08000c0c      0x1e8 ./Src/main.o
                0x08000c0c                main
 .text.Reset_Handler
                0x08000df4       0x50 ./Startup/startup_stm32f446retx.o
                0x08000df4                Reset_Handler
 .text.Default_Handler
                0x08000e44        0x2 ./Startup/startup_stm32f446retx.o
                0x08000e44                RTC_Alarm_IRQHandler
                0x08000e44                EXTI2_IRQHandler
                0x08000e44                TIM8_CC_IRQHandler
                0x08000e44                SPDIF_Rx_IRQHandler
                0x08000e44                DebugMon_Handler
                0x08000e44                SPI4_IRQHandler
                0x08000e44                TIM1_CC_IRQHandler
                0x08000e44                QuadSPI_IRQHandler
                0x08000e44                DMA2_Stream5_IRQHandler
                0x08000e44                HardFault_Handler
                0x08000e44                DMA1_Stream5_IRQHandler
                0x08000e44                PVD_IRQHandler
                0x08000e44                SDIO_IRQHandler
                0x08000e44                TAMP_STAMP_IRQHandler
                0x08000e44                PendSV_Handler
                0x08000e44                NMI_Handler
                0x08000e44                CAN2_RX1_IRQHandler
                0x08000e44                EXTI3_IRQHandler
                0x08000e44                TIM8_TRG_COM_TIM14_IRQHandler
                0x08000e44                TIM1_UP_TIM10_IRQHandler
                0x08000e44                FMPI2C1_error_IRQHandler
                0x08000e44                TIM8_UP_TIM13_IRQHandler
                0x08000e44                I2C3_ER_IRQHandler
                0x08000e44                EXTI0_IRQHandler
                0x08000e44                I2C2_EV_IRQHandler
                0x08000e44                DMA1_Stream2_IRQHandler
                0x08000e44                CAN1_RX0_IRQHandler
                0x08000e44                OTG_HS_WKUP_IRQHandler
                0x08000e44                UsageFault_Handler
                0x08000e44                CAN2_SCE_IRQHandler
                0x08000e44                DMA2_Stream2_IRQHandler
                0x08000e44                SPI1_IRQHandler
                0x08000e44                TIM6_DAC_IRQHandler
                0x08000e44                TIM1_BRK_TIM9_IRQHandler
                0x08000e44                DCMI_IRQHandler
                0x08000e44                CAN2_RX0_IRQHandler
                0x08000e44                DMA2_Stream3_IRQHandler
                0x08000e44                FMPI2C1_IRQHandler
                0x08000e44                SAI2_IRQHandler
                0x08000e44                USART6_IRQHandler
                0x08000e44                USART3_IRQHandler
                0x08000e44                CAN1_RX1_IRQHandler
                0x08000e44                UART5_IRQHandler
                0x08000e44                DMA2_Stream0_IRQHandler
                0x08000e44                TIM4_IRQHandler
                0x08000e44                I2C1_EV_IRQHandler
                0x08000e44                HDMI_CEC_IRQHandler
                0x08000e44                DMA1_Stream6_IRQHandler
                0x08000e44                DMA1_Stream1_IRQHandler
                0x08000e44                UART4_IRQHandler
                0x08000e44                TIM3_IRQHandler
                0x08000e44                RCC_IRQHandler
                0x08000e44                TIM8_BRK_TIM12_IRQHandler
                0x08000e44                Default_Handler
                0x08000e44                EXTI15_10_IRQHandler
                0x08000e44                ADC_IRQHandler
                0x08000e44                DMA1_Stream7_IRQHandler
                0x08000e44                TIM7_IRQHandler
                0x08000e44                CAN2_TX_IRQHandler
                0x08000e44                TIM5_IRQHandler
                0x08000e44                DMA2_Stream7_IRQHandler
                0x08000e44                I2C3_EV_IRQHandler
                0x08000e44                EXTI9_5_IRQHandler
                0x08000e44                RTC_WKUP_IRQHandler
                0x08000e44                SPI2_IRQHandler
                0x08000e44                OTG_HS_EP1_IN_IRQHandler
                0x08000e44                MemManage_Handler
                0x08000e44                DMA1_Stream0_IRQHandler
                0x08000e44                CAN1_TX_IRQHandler
                0x08000e44                SVC_Handler
                0x08000e44                EXTI4_IRQHandler
                0x08000e44                OTG_HS_EP1_OUT_IRQHandler
                0x08000e44                WWDG_IRQHandler
                0x08000e44                TIM2_IRQHandler
                0x08000e44                OTG_FS_WKUP_IRQHandler
                0x08000e44                TIM1_TRG_COM_TIM11_IRQHandler
                0x08000e44                OTG_HS_IRQHandler
                0x08000e44                EXTI1_IRQHandler
                0x08000e44                USART2_IRQHandler
                0x08000e44                I2C2_ER_IRQHandler
                0x08000e44                DMA2_Stream1_IRQHandler
                0x08000e44                CAN1_SCE_IRQHandler
                0x08000e44                FLASH_IRQHandler
                0x08000e44                DMA2_Stream4_IRQHandler
                0x08000e44                BusFault_Handler
                0x08000e44                OTG_FS_IRQHandler
                0x08000e44                SPI3_IRQHandler
                0x08000e44                DMA1_Stream4_IRQHandler
                0x08000e44                I2C1_ER_IRQHandler
                0x08000e44                FMC_IRQHandler
                0x08000e44                DMA2_Stream6_IRQHandler
                0x08000e44                SAI1_IRQHandler
                0x08000e44                DMA1_Stream3_IRQHandler
 .text.memset   0x08000e46       0x10 C:/ST/STM32CubeIDE_1.16.1/STM32CubeIDE/plugins/com.st.stm32cube.ide.mcu.externaltools.gnu-tools-for-stm32.12.3.rel1.win32_1.0.200.202406191623/tools/bin/../lib/gcc/arm-none-eabi/12.3.1/../../../../arm-none-eabi/lib/thumb/v7e-m/nofp\libc_nano.a(libc_a-memset.o)
                0x08000e46                memset
 *fill*         0x08000e56        0x2 
 .text.__libc_init_array
                0x08000e58       0x48 C:/ST/STM32CubeIDE_1.16.1/STM32CubeIDE/plugins/com.st.stm32cube.ide.mcu.externaltools.gnu-tools-for-stm32.12.3.rel1.win32_1.0.200.202406191623/tools/bin/../lib/gcc/arm-none-eabi/12.3.1/../../../../arm-none-eabi/lib/thumb/v7e-m/nofp\libc_nano.a(libc_a-init.o)
                0x08000e58                __libc_init_array
 .text.memcpy   0x08000ea0       0x1c C:/ST/STM32CubeIDE_1.16.1/STM32CubeIDE/plugins/com.st.stm32cube.ide.mcu.externaltools.gnu-tools-for-stm32.12.3.rel1.win32_1.0.200.202406191623/tools/bin/../lib/gcc/arm-none-eabi/12.3.1/../../../../arm-none-eabi/lib/thumb/v7e-m/nofp\libc_nano.a(libc_a-memcpy-stub.o)
                0x08000ea0                memcpy
 *(.glue_7)
 .glue_7        0x08000ebc        0x0 linker stubs
 *(.glue_7t)
 .glue_7t       0x08000ebc        0x0 linker stubs
 *(.eh_frame)
 .eh_frame      0x08000ebc        0x0 C:/ST/STM32CubeIDE_1.16.1/STM32CubeIDE/plugins/com.st.stm32cube.ide.mcu.externaltools.gnu-tools-for-stm32.12.3.rel1.win32_1.0.200.202406191623/tools/bin/../lib/gcc/arm-none-eabi/12.3.1/thumb/v7e-m/nofp/crtbegin.o
 *(.init)
 .init          0x08000ebc        0x4 C:/ST/STM32CubeIDE_1.16.1/STM32CubeIDE/plugins/com.st.stm32cube.ide.mcu.externaltools.gnu-tools-for-stm32.12.3.rel1.win32_1.0.200.202406191623/tools/bin/../lib/gcc/arm-none-eabi/12.3.1/thumb/v7e-m/nofp/crti.o
                0x08000ebc                _init
 .init          0x08000ec0        0x8 C:/ST/STM32CubeIDE_1.16.1/STM32CubeIDE/plugins/com.st.stm32cube.ide.mcu.externaltools.gnu-tools-for-stm32.12.3.rel1.win32_1.0.200.202406191623/tools/bin/../lib/gcc/arm-none-eabi/12.3.1/thumb/v7e-m/nofp/crtn.o
 *(.fini)
 .fini          0x08000ec8        0x4 C:/ST/STM32CubeIDE_1.16.1/STM32CubeIDE/plugins/com.st.stm32cube.ide.mcu.externaltools.gnu-tools-for-stm32.12.3.rel1.win32_1.0.200.202406191623/tools/bin/../lib/gcc/arm-none-eabi/12.3.1/thumb/v7e-m/nofp/crti.o
                0x08000ec8                _fini
 .fini          0x08000ecc        0x8 C:/ST/STM32CubeIDE_1.16.1/STM32CubeIDE/plugins/com.st.stm32cube.ide.mcu.externaltools.gnu-tools-for-stm32.12.3.rel1.win32_1.0.200.202406191623/tools/bin/../lib/gcc/arm-none-eabi/12.3.1/thumb/v7e-m/nofp/crtn.o
                0x08000ed4                        . = ALIGN (0x4)
                0x08000ed4                        _etext = .

.vfp11_veneer   0x08000ed4        0x0
 .vfp11_veneer  0x08000ed4        0x0 linker stubs

.v4_bx          0x08000ed4        0x0
 .v4_bx         0x08000ed4        0x0 linker stubs

.iplt           0x08000ed4        0x0
 .iplt          0x08000ed4        0x0 C:/ST/STM32CubeIDE_1.16.1/STM32CubeIDE/plugins/com.st.stm32cube.ide.mcu.externaltools.gnu-tools-for-stm32.12.3.rel1.win32_1.0.200.202406191623/tools/bin/../lib/gcc/arm-none-eabi/12.3.1/thumb/v7e-m/nofp/crtbegin.o

.rodata         0x08000ed4       0xa0
                0x08000ed4                        . = ALIGN (0x4)
 *(.rodata)
 .rodata        0x08000ed4       0x8f ./Src/main.o
 *(.rodata*)
 *fill*         0x08000f63        0x1 
 .rodata.DMA_IRQn.0
                0x08000f64       0x10 ./Src/DMA_Prog.o
                0x08000f74                        . = ALIGN (0x4)

.ARM.extab      0x08000f74        0x0
                0x08000f74                        . = ALIGN (0x4)
 *(.ARM.extab* .gnu.linkonce.armextab.*)
                0x08000f74                        . = ALIGN (0x4)

.ARM            0x08000f74        0x0
                0x08000f74                        . = ALIGN (0x4)
                0x08000f74                        __exidx_start = .
 *(.ARM.exidx*)
                0x08000f74                        __exidx_end = .
                0x08000f74                        . = ALIGN (0x4)

.preinit_array  0x08000f74        0x0
                0x08000f74                        . = ALIGN (0x4)
                0x08000f74                        PROVIDE (__preinit_array_start = .)
 *(.preinit_array*)
                0x08000f74                        PROVIDE (__preinit_array_end = .)
                0x08000f74                        . = ALIGN (0x4)

.init_array     0x08000f74        0x4
                0x08000f74                        . = ALIGN (0x4)
                0x08000f74                        PROVIDE (__init_array_start = .)
 *(SORT_BY_NAME(.init_array.*))
 *(.init_array*)
 .init_array    0x08000f74        0x4 C:/ST/STM32CubeIDE_1.16.1/STM32CubeIDE/plugins/com.st.stm32cube.ide.mcu.externaltools.gnu-tools-for-stm32.12.3.rel1.win32_1.0.200.202406191623/tools/bin/../lib/gcc/arm-none-eabi/12.3.1/thumb/v7e-m/nofp/crtbegin.o
                0x08000f78                        PROVIDE (__init_array_end = .)
                0x08000f78                        . = ALIGN (0x4)

.fini_array     0x08000f78        0x4
                0x08000f78                        . = ALIGN (0x4)
                [!provide]                        PROVIDE (__fini_array_start = .)
 *(SORT_BY_NAME(.fini_array.*))
 *(.fini_array*)
 .fini_array    0x08000f78        0x4 C:/ST/STM32CubeIDE_1.16.1/STM32CubeIDE/plugins/com.st.stm32cube.ide.mcu.externaltools.gnu-tools-for-stm32.12.3.rel1.win32_1.0.200.202406191623/tools/bin/../lib/gcc/arm-none-eabi/12.3.1/thumb/v7e-m/nofp/crtbegin.o
                [!provide]                        PROVIDE (__fini_array_end = .)
                0x08000f7c                        . = ALIGN (0x4)
                0x08000f7c                        _sidata = LOADADDR (.data)

.rel.dyn        0x08000f7c        0x0
 .rel.iplt      0x08000f7c        0x0 C:/ST/STM32CubeIDE_1.16.1/STM32CubeIDE/plugins/com.st.stm32cube.ide.mcu.externaltools.gnu-tools-for-stm32.12.3.rel1.win32_1.0.200.202406191623/tools/bin/../lib/gcc/arm-none-eabi/12.3.1/thumb/v7e-m/nofp/crtbegin.o

.data           0x20000000       0x28 load address 0x08000f7c
                0x20000000                        . = ALIGN (0x4)
                0x20000000                        _sdata = .
 *(.data)
 *(.data*)
 .data.GPIOPORT
                0x20000000       0x20 ./Src/GPIO_prog.o
 .data.SystemCoreClock
                0x20000020        0x4 ./Src/RCC_Driver.o
                0x20000020                SystemCoreClock
 .data.timeout  0x20000024        0x4 ./Src/RCC_Driver.o
                0x20000024                timeout
 *(.RamFunc)
 *(.RamFunc*)
                0x20000028                        . = ALIGN (0x4)
                0x20000028                        _edata = .

.igot.plt       0x20000028        0x0 load address 0x08000fa4
 .igot.plt      0x20000028        0x0 C:/ST/STM32CubeIDE_1.16.1/STM32CubeIDE/plugins/com.st.stm32cube.ide.mcu.externaltools.gnu-tools-for-stm32.12.3.rel1.win32_1.0.200.202406191623/tools/bin/../lib/gcc/arm-none-eabi/12.3.1/thumb/v7e-m/nofp/crtbegin.o
                0x20000028                        . = ALIGN (0x4)

.bss            0x20000028       0x20 load address 0x08000fa4
                0x20000028                        _sbss = .
                0x20000028                        __bss_start__ = _sbss
 *(.bss)
 .bss           0x20000028       0x1c C:/ST/STM32CubeIDE_1.16.1/STM32CubeIDE/plugins/com.st.stm32cube.ide.mcu.externaltools.gnu-tools-for-stm32.12.3.rel1.win32_1.0.200.202406191623/tools/bin/../lib/gcc/arm-none-eabi/12.3.1/thumb/v7e-m/nofp/crtbegin.o
 *(.bss*)
 .bss.tick_count
                0x20000044        0x4 ./Src/SysTick_prog.o
                0x20000044                tick_count
 *(COMMON)
                0x20000048                        . = ALIGN (0x4)
                0x20000048                        _ebss = .
                0x20000048                        __bss_end__ = _ebss

._user_heap_stack
                0x20000048      0x600 load address 0x08000fa4
                0x20000048                        . = ALIGN (0x8)
                [!provide]                        PROVIDE (end = .)
                0x20000048                        PROVIDE (_end = .)
                0x20000248                        . = (. + _Min_Heap_Size)
 *fill*         0x20000048      0x200 
                0x20000648                        . = (. + _Min_Stack_Size)
 *fill*         0x20000248      0x400 
                0x20000648                        . = ALIGN (0x8)

/DISCARD/
 libc.a(*)
 libm.a(*)
 libgcc.a(*)

.ARM.attributes
                0x00000000       0x2a
 *(.ARM.attributes)
 .ARM.attributes
                0x00000000       0x1e C:/ST/STM32CubeIDE_1.16.1/STM32CubeIDE/plugins/com.st.stm32cube.ide.mcu.externaltools.gnu-tools-for-stm32.12.3.rel1.win32_1.0.200.202406191623/tools/bin/../lib/gcc/arm-none-eabi/12.3.1/thumb/v7e-m/nofp/crti.o
 .ARM.attributes
                0x0000001e       0x2e C:/ST/STM32CubeIDE_1.16.1/STM32CubeIDE/plugins/com.st.stm32cube.ide.mcu.externaltools.gnu-tools-for-stm32.12.3.rel1.win32_1.0.200.202406191623/tools/bin/../lib/gcc/arm-none-eabi/12.3.1/thumb/v7e-m/nofp/crtbegin.o
 .ARM.attributes
                0x0000004c       0x2e ./Src/DMA_Prog.o
 .ARM.attributes
                0x0000007a       0x2e ./Src/GPIO_prog.o
 .ARM.attributes
                0x000000a8       0x2e ./Src/RCC_Driver.o
 .ARM.attributes
                0x000000d6       0x2e ./Src/SysTick_prog.o
 .ARM.attributes
                0x00000104       0x2e ./Src/USART_Prog.o
 .ARM.attributes
                0x00000132       0x2e ./Src/main.o
 .ARM.attributes
                0x00000160       0x21 ./Startup/startup_stm32f446retx.o
 .ARM.attributes
                0x00000181       0x2e C:/ST/STM32CubeIDE_1.16.1/STM32CubeIDE/plugins/com.st.stm32cube.ide.mcu.externaltools.gnu-tools-for-stm32.12.3.rel1.win32_1.0.200.202406191623/tools/bin/../lib/gcc/arm-none-eabi/12.3.1/../../../../arm-none-eabi/lib/thumb/v7e-m/nofp\libc_nano.a(libc_a-memset.o)
 .ARM.attributes
                0x000001af       0x2e C:/ST/STM32CubeIDE_1.16.1/STM32CubeIDE/plugins/com.st.stm32cube.ide.mcu.externaltools.gnu-tools-for-stm32.12.3.rel1.win32_1.0.200.202406191623/tools/bin/../lib/gcc/arm-none-eabi/12.3.1/../../../../arm-none-eabi/lib/thumb/v7e-m/nofp\libc_nano.a(libc_a-init.o)
 .ARM.attributes
                0x000001dd       0x2e C:/ST/STM32CubeIDE_1.16.1/STM32CubeIDE/plugins/com.st.stm32cube.ide.mcu.externaltools.gnu-tools-for-stm32.12.3.rel1.win32_1.0.200.202406191623/tools/bin/../lib/gcc/arm-none-eabi/12.3.1/../../../../arm-none-eabi/lib/thumb/v7e-m/nofp\libc_nano.a(libc_a-memcpy-stub.o)
 .ARM.attributes
                0x0000020b       0x1e C:/ST/STM32CubeIDE_1.16.1/STM32CubeIDE/plugins/com.st.stm32cube.ide.mcu.externaltools.gnu-tools-for-stm32.12.3.rel1.win32_1.0.200.202406191623/tools/bin/../lib/gcc/arm-none-eabi/12.3.1/thumb/v7e-m/nofp/crtn.o
OUTPUT(USART_DMA.elf elf32-littlearm)
LOAD linker stubs
LOAD C:/ST/STM32CubeIDE_1.16.1/STM32CubeIDE/plugins/com.st.stm32cube.ide.mcu.externaltools.gnu-tools-for-stm32.12.3.rel1.win32_1.0.200.202406191623/tools/bin/../lib/gcc/arm-none-eabi/12.3.1/../../../../arm-none-eabi/lib/thumb/v7e-m/nofp\libc.a
LOAD C:/ST/STM32CubeIDE_1.16.1/STM32CubeIDE/plugins/com.st.stm32cube.ide.mcu.externaltools.gnu-tools-for-stm32.12.3.rel1.win32_1.0.200.202406191623/tools/bin/../lib/gcc/arm-none-eabi/12.3.1/../../../../arm-none-eabi/lib/thumb/v7e-m/nofp\libm.a
LOAD C:/ST/STM32CubeIDE_1.16.1/STM32CubeIDE/plugins/com.st.stm32cube.ide.mcu.externaltools.gnu-tools-for-stm32.12.3.rel1.win32_1.0.200.202406191623/tools/bin/../lib/gcc/arm-none-eabi/12.3.1/thumb/v7e-m/nofp\libgcc.a

.debug_info     0x00000000     0x2728
 .debug_info    0x00000000      0x9a5 ./Src/DMA_Prog.o
 .debug_info    0x000009a5      0x530 ./Src/GPIO_prog.o
 .debug_info    0x00000ed5      0x74e ./Src/RCC_Driver.o
 .debug_info    0x00001623      0x1a8 ./Src/SysTick_prog.o
 .debug_info    0x000017cb      0x427 ./Src/USART_Prog.o
 .debug_info    0x00001bf2      0xb06 ./Src/main.o
 .debug_info    0x000026f8       0x30 ./Startup/startup_stm32f446retx.o

.debug_abbrev   0x00000000      0x990
 .debug_abbrev  0x00000000      0x246 ./Src/DMA_Prog.o
 .debug_abbrev  0x00000246      0x10d ./Src/GPIO_prog.o
 .debug_abbrev  0x00000353      0x1ad ./Src/RCC_Driver.o
 .debug_abbrev  0x00000500      0x140 ./Src/SysTick_prog.o
 .debug_abbrev  0x00000640      0x15c ./Src/USART_Prog.o
 .debug_abbrev  0x0000079c      0x1d0 ./Src/main.o
 .debug_abbrev  0x0000096c       0x24 ./Startup/startup_stm32f446retx.o

.debug_aranges  0x00000000      0x250
 .debug_aranges
                0x00000000       0x68 ./Src/DMA_Prog.o
 .debug_aranges
                0x00000068       0x38 ./Src/GPIO_prog.o
 .debug_aranges
                0x000000a0       0xd8 ./Src/RCC_Driver.o
 .debug_aranges
                0x00000178       0x30 ./Src/SysTick_prog.o
 .debug_aranges
                0x000001a8       0x60 ./Src/USART_Prog.o
 .debug_aranges
                0x00000208       0x20 ./Src/main.o
 .debug_aranges
                0x00000228       0x28 ./Startup/startup_stm32f446retx.o

.debug_rnglists
                0x00000000      0x1a8
 .debug_rnglists
                0x00000000       0x4e ./Src/DMA_Prog.o
 .debug_rnglists
                0x0000004e       0x27 ./Src/GPIO_prog.o
 .debug_rnglists
                0x00000075       0xa3 ./Src/RCC_Driver.o
 .debug_rnglists
                0x00000118       0x1f ./Src/SysTick_prog.o
 .debug_rnglists
                0x00000137       0x44 ./Src/USART_Prog.o
 .debug_rnglists
                0x0000017b       0x14 ./Src/main.o
 .debug_rnglists
                0x0000018f       0x19 ./Startup/startup_stm32f446retx.o

.debug_macro    0x00000000     0x23b3
 .debug_macro   0x00000000       0x88 ./Src/DMA_Prog.o
 .debug_macro   0x00000088      0xab4 ./Src/DMA_Prog.o
 .debug_macro   0x00000b3c       0x22 ./Src/DMA_Prog.o
 .debug_macro   0x00000b5e       0x8e ./Src/DMA_Prog.o
 .debug_macro   0x00000bec       0x51 ./Src/DMA_Prog.o
 .debug_macro   0x00000c3d      0x103 ./Src/DMA_Prog.o
 .debug_macro   0x00000d40       0x6a ./Src/DMA_Prog.o
 .debug_macro   0x00000daa      0x1df ./Src/DMA_Prog.o
 .debug_macro   0x00000f89      0x136 ./Src/DMA_Prog.o
 .debug_macro   0x000010bf      0x25b ./Src/DMA_Prog.o
 .debug_macro   0x0000131a       0x22 ./Src/DMA_Prog.o
 .debug_macro   0x0000133c       0x95 ./Src/GPIO_prog.o
 .debug_macro   0x000013d1      0x189 ./Src/GPIO_prog.o
 .debug_macro   0x0000155a       0x4c ./Src/GPIO_prog.o
 .debug_macro   0x000015a6       0x84 ./Src/RCC_Driver.o
 .debug_macro   0x0000162a      0x176 ./Src/RCC_Driver.o
 .debug_macro   0x000017a0       0x7f ./Src/SysTick_prog.o
 .debug_macro   0x0000181f      0x17c ./Src/SysTick_prog.o
 .debug_macro   0x0000199b       0x7e ./Src/USART_Prog.o
 .debug_macro   0x00001a19       0x26 ./Src/USART_Prog.o
 .debug_macro   0x00001a3f      0x194 ./Src/main.o
 .debug_macro   0x00001bd3       0x61 ./Src/main.o
 .debug_macro   0x00001c34       0x24 ./Src/main.o
 .debug_macro   0x00001c58       0x43 ./Src/main.o
 .debug_macro   0x00001c9b       0x34 ./Src/main.o
 .debug_macro   0x00001ccf       0x16 ./Src/main.o
 .debug_macro   0x00001ce5       0x43 ./Src/main.o
 .debug_macro   0x00001d28       0x34 ./Src/main.o
 .debug_macro   0x00001d5c       0x10 ./Src/main.o
 .debug_macro   0x00001d6c       0x58 ./Src/main.o
 .debug_macro   0x00001dc4       0x8e ./Src/main.o
 .debug_macro   0x00001e52       0x1c ./Src/main.o
 .debug_macro   0x00001e6e      0x177 ./Src/main.o
 .debug_macro   0x00001fe5      0x369 ./Src/main.o
 .debug_macro   0x0000234e       0x10 ./Src/main.o
 .debug_macro   0x0000235e       0x35 ./Src/main.o
 .debug_macro   0x00002393       0x20 ./Src/main.o

.debug_line     0x00000000     0x2e46
 .debug_line    0x00000000      0xab2 ./Src/DMA_Prog.o
 .debug_line    0x00000ab2      0x6e7 ./Src/GPIO_prog.o
 .debug_line    0x00001199      0xad7 ./Src/RCC_Driver.o
 .debug_line    0x00001c70      0x4bf ./Src/SysTick_prog.o
 .debug_line    0x0000212f      0x5ff ./Src/USART_Prog.o
 .debug_line    0x0000272e      0x69d ./Src/main.o
 .debug_line    0x00002dcb       0x7b ./Startup/startup_stm32f446retx.o

.debug_str      0x00000000     0x977b
 .debug_str     0x00000000     0x51b4 ./Src/DMA_Prog.o
                               0x533f (size before relaxing)
 .debug_str     0x000051b4      0x62a ./Src/GPIO_prog.o
                               0x4a63 (size before relaxing)
 .debug_str     0x000057de      0x8c0 ./Src/RCC_Driver.o
                               0x4dc3 (size before relaxing)
 .debug_str     0x0000609e       0xd1 ./Src/SysTick_prog.o
                               0x4a0a (size before relaxing)
 .debug_str     0x0000616f      0x2cc ./Src/USART_Prog.o
                               0x4644 (size before relaxing)
 .debug_str     0x0000643b     0x3301 ./Src/main.o
                               0x9120 (size before relaxing)
 .debug_str     0x0000973c       0x3f ./Startup/startup_stm32f446retx.o
                                 0x78 (size before relaxing)

.comment        0x00000000       0x43
 .comment       0x00000000       0x43 ./Src/DMA_Prog.o
                                 0x44 (size before relaxing)
 .comment       0x00000043       0x44 ./Src/GPIO_prog.o
 .comment       0x00000043       0x44 ./Src/RCC_Driver.o
 .comment       0x00000043       0x44 ./Src/SysTick_prog.o
 .comment       0x00000043       0x44 ./Src/USART_Prog.o
 .comment       0x00000043       0x44 ./Src/main.o

.debug_frame    0x00000000      0x8a0
 .debug_frame   0x00000000      0x190 ./Src/DMA_Prog.o
 .debug_frame   0x00000190       0xb0 ./Src/GPIO_prog.o
 .debug_frame   0x00000240      0x3c8 ./Src/RCC_Driver.o
 .debug_frame   0x00000608       0x80 ./Src/SysTick_prog.o
 .debug_frame   0x00000688      0x174 ./Src/USART_Prog.o
 .debug_frame   0x000007fc       0x30 ./Src/main.o
 .debug_frame   0x0000082c       0x20 C:/ST/STM32CubeIDE_1.16.1/STM32CubeIDE/plugins/com.st.stm32cube.ide.mcu.externaltools.gnu-tools-for-stm32.12.3.rel1.win32_1.0.200.202406191623/tools/bin/../lib/gcc/arm-none-eabi/12.3.1/../../../../arm-none-eabi/lib/thumb/v7e-m/nofp\libc_nano.a(libc_a-memset.o)
 .debug_frame   0x0000084c       0x2c C:/ST/STM32CubeIDE_1.16.1/STM32CubeIDE/plugins/com.st.stm32cube.ide.mcu.externaltools.gnu-tools-for-stm32.12.3.rel1.win32_1.0.200.202406191623/tools/bin/../lib/gcc/arm-none-eabi/12.3.1/../../../../arm-none-eabi/lib/thumb/v7e-m/nofp\libc_nano.a(libc_a-init.o)
 .debug_frame   0x00000878       0x28 C:/ST/STM32CubeIDE_1.16.1/STM32CubeIDE/plugins/com.st.stm32cube.ide.mcu.externaltools.gnu-tools-for-stm32.12.3.rel1.win32_1.0.200.202406191623/tools/bin/../lib/gcc/arm-none-eabi/12.3.1/../../../../arm-none-eabi/lib/thumb/v7e-m/nofp\libc_nano.a(libc_a-memcpy-stub.o)

.debug_line_str
                0x00000000       0x5c
 .debug_line_str
                0x00000000       0x5c ./Startup/startup_stm32f446retx.o
